
[0;40;37m[6C[1m€€€€ﬂ€€ €€ﬂ€€€€ €€€€ €€ €€ €€ﬂ€€€€
[0m[6C[1m€€€€ €€ €€ €€€€ €€€€ €€ €€ €€ €€€€
[0m [1;30m‹€ﬂﬂ[0m [1m€€€€ €€ €€ﬂﬂﬂﬂﬂ €€€€ €€ €€ €€‹‹‹‹‹[0m [1;30mﬂﬂﬂﬂﬂﬂﬂﬂﬂﬂﬂﬂﬂﬂﬂﬂﬂﬂﬂﬂﬂﬂﬂﬂﬂﬂﬂﬂﬂﬂﬂﬂﬂﬂﬂﬂﬂ
ﬁ€[0m    [1m€€€€ €€ €€ €€€€ €€€€ €€ €€ ‹‹ €€€€
[0m [1;30mﬂ€‹‹[0m [1m€€€€ €€ €€‹€€€€ €€€€‹€€‹€€ €€‹€€€€[0m [1;30m‹‹‹‹‹‹‹‹‹‹‹‹‹‹‹‹‹‹‹‹‹‹‹‹‹‹‹‹‹‹‹‹‹‹‹‹‹
[0m[69C[1;30m[8Cﬂ€
